{
  "query": {
    "bool": {
      "filter": [
        {
          "bool": {
            "must_not": [
              {
                "wildcard": {
                  "description": {
                    "wildcard": "mutat*"
                  }
                }
              }
            ]
          }
        }
      ]
    }
  }
}
