{
  "query": {
    "bool": {
      "filter": [
        {
          "wildcard": {
            "description": {
              "wildcard": "*ields*"
            }
          }
        }
      ]
    }
  }
}
